// Jest Snapshot v1, https://goo.gl/fbAQLP

exports[`History render segment data 1`] = `
<DocumentFragment>
  <div
    class="history"
  >
    <div
      class="history-title"
    >
      <span>
        History
      </span>
    </div>
    <div
      class="lists"
      id="scrollableDiv"
    >
      <div
        class="infinite-scroll-component__outerdiv"
      >
        <div
          class="infinite-scroll-component "
          style="height: auto; overflow: auto;"
        >
          <div
            class="version"
          >
            <div
              class="version-left"
            >
              <div
                class="circle"
              />
            </div>
            <div
              class="version-right"
            >
              <div
                class="title"
              >
                <span
                  class=""
                >
                  Version:
                </span>
                <span
                  class="version-text"
                >
                  12
                </span>
                <span
                  class="current"
                >
                  (Current version)
                </span>
              </div>
              <div
                class="modifyBy"
              >
                <span
                  class="version-title"
                >
                  Published by
                </span>
                :
                <span>
                  panchongyang.p@qq.com
                </span>
              </div>
            </div>
          </div>
          <div
            class="version"
          >
            <div
              class="version-left"
            >
              <div
                class="circle"
              />
            </div>
            <div
              class="version-right"
            >
              <div
                class="title"
              >
                <span
                  class=""
                >
                  Version:
                </span>
                <span
                  class="version-text"
                >
                  11
                </span>
              </div>
              <div
                class="modifyBy"
              >
                <span
                  class="version-title"
                >
                  Published by
                </span>
                :
                <span>
                  panchongyang.p@qq.com
                </span>
              </div>
            </div>
          </div>
          <div
            class="version"
          >
            <div
              class="version-left"
            >
              <div
                class="circle"
              />
            </div>
            <div
              class="version-right"
            >
              <div
                class="title"
              >
                <span
                  class=""
                >
                  Version:
                </span>
                <span
                  class="version-text"
                >
                  10
                </span>
              </div>
              <div
                class="modifyBy"
              >
                <span
                  class="version-title"
                >
                  Published by
                </span>
                :
                <span>
                  panchongyang.p@qq.com
                </span>
              </div>
            </div>
          </div>
          <div
            class="version"
          >
            <div
              class="version-left"
            >
              <div
                class="circle"
              />
            </div>
            <div
              class="version-right"
            >
              <div
                class="title"
              >
                <span
                  class=""
                >
                  Version:
                </span>
                <span
                  class="version-text"
                >
                  9
                </span>
              </div>
              <div
                class="modifyBy"
              >
                <span
                  class="version-title"
                >
                  Published by
                </span>
                :
                <span>
                  panchongyang.p@qq.com
                </span>
              </div>
            </div>
          </div>
          <div
            class="version"
          >
            <div
              class="version-left"
            >
              <div
                class="circle"
              />
            </div>
            <div
              class="version-right"
            >
              <div
                class="title"
              >
                <span
                  class=""
                >
                  Version:
                </span>
                <span
                  class="version-text"
                >
                  8
                </span>
              </div>
              <div
                class="modifyBy"
              >
                <span
                  class="version-title"
                >
                  Published by
                </span>
                :
                <span>
                  panchongyang.p@qq.com
                </span>
              </div>
            </div>
          </div>
          <div
            class="version"
          >
            <div
              class="version-left"
            >
              <div
                class="circle"
              />
            </div>
            <div
              class="version-right"
            >
              <div
                class="title"
              >
                <span
                  class=""
                >
                  Version:
                </span>
                <span
                  class="version-text"
                >
                  7
                </span>
              </div>
              <div
                class="modifyBy"
              >
                <span
                  class="version-title"
                >
                  Published by
                </span>
                :
                <span>
                  panchongyang.p@qq.com
                </span>
              </div>
            </div>
          </div>
          <div
            class="version"
          >
            <div
              class="version-left"
            >
              <div
                class="circle"
              />
            </div>
            <div
              class="version-right"
            >
              <div
                class="title"
              >
                <span
                  class=""
                >
                  Version:
                </span>
                <span
                  class="version-text"
                >
                  6
                </span>
              </div>
              <div
                class="modifyBy"
              >
                <span
                  class="version-title"
                >
                  Published by
                </span>
                :
                <span>
                  panchongyang.p@qq.com
                </span>
              </div>
            </div>
          </div>
          <div
            class="version"
          >
            <div
              class="version-left"
            >
              <div
                class="circle"
              />
            </div>
            <div
              class="version-right"
            >
              <div
                class="title"
              >
                <span
                  class=""
                >
                  Version:
                </span>
                <span
                  class="version-text"
                >
                  5
                </span>
              </div>
              <div
                class="modifyBy"
              >
                <span
                  class="version-title"
                >
                  Published by
                </span>
                :
                <span>
                  panchongyang.p@qq.com
                </span>
              </div>
            </div>
          </div>
          <div
            class="version"
          >
            <div
              class="version-left"
            >
              <div
                class="circle"
              />
            </div>
            <div
              class="version-right"
            >
              <div
                class="title"
              >
                <span
                  class=""
                >
                  Version:
                </span>
                <span
                  class="version-text"
                >
                  4
                </span>
              </div>
              <div
                class="modifyBy"
              >
                <span
                  class="version-title"
                >
                  Published by
                </span>
                :
                <span>
                  panchongyang.p@qq.com
                </span>
              </div>
            </div>
          </div>
          <div
            class="version"
          >
            <div
              class="version-left"
            >
              <div
                class="circle"
              />
            </div>
            <div
              class="version-right"
            >
              <div
                class="title"
              >
                <span
                  class=""
                >
                  Version:
                </span>
                <span
                  class="version-text"
                >
                  3
                </span>
              </div>
              <div
                class="modifyBy"
              >
                <span
                  class="version-title"
                >
                  Published by
                </span>
                :
                <span>
                  panchongyang.p@qq.com
                </span>
              </div>
            </div>
          </div>
          <div
            class="hasMore"
          >
            Load more
          </div>
        </div>
      </div>
    </div>
  </div>
</DocumentFragment>
`;

exports[`History render segment data 2`] = `
<DocumentFragment>
  <div
    class="history"
  >
    <div
      class="history-title"
    >
      <span>
        History
      </span>
    </div>
    <div
      class="lists"
      id="scrollableDiv"
    >
      <div
        class="infinite-scroll-component__outerdiv"
      >
        <div
          class="infinite-scroll-component "
          style="height: auto; overflow: auto;"
        >
          <div
            class="version"
          >
            <div
              class="version-left"
            >
              <div
                class="circle"
              />
            </div>
            <div
              class="version-right"
            >
              <div
                class="title"
              >
                <span
                  class=""
                >
                  Version:
                </span>
                <span
                  class="version-text"
                >
                  12
                </span>
                <span
                  class="current"
                >
                  (Current version)
                </span>
              </div>
              <div
                class="modifyBy"
              >
                <span
                  class="version-title"
                >
                  Published by
                </span>
                :
                <span>
                  panchongyang.p@qq.com
                </span>
              </div>
            </div>
          </div>
          <div
            class="version"
          >
            <div
              class="version-left"
            >
              <div
                class="circle"
              />
            </div>
            <div
              class="version-right"
            >
              <div
                class="title"
              >
                <span
                  class=""
                >
                  Version:
                </span>
                <span
                  class="version-text"
                >
                  11
                </span>
              </div>
              <div
                class="modifyBy"
              >
                <span
                  class="version-title"
                >
                  Published by
                </span>
                :
                <span>
                  panchongyang.p@qq.com
                </span>
              </div>
            </div>
          </div>
          <div
            class="version"
          >
            <div
              class="version-left"
            >
              <div
                class="circle"
              />
            </div>
            <div
              class="version-right"
            >
              <div
                class="title"
              >
                <span
                  class=""
                >
                  Version:
                </span>
                <span
                  class="version-text"
                >
                  10
                </span>
              </div>
              <div
                class="modifyBy"
              >
                <span
                  class="version-title"
                >
                  Published by
                </span>
                :
                <span>
                  panchongyang.p@qq.com
                </span>
              </div>
            </div>
          </div>
          <div
            class="version"
          >
            <div
              class="version-left"
            >
              <div
                class="circle"
              />
            </div>
            <div
              class="version-right"
            >
              <div
                class="title"
              >
                <span
                  class=""
                >
                  Version:
                </span>
                <span
                  class="version-text"
                >
                  9
                </span>
              </div>
              <div
                class="modifyBy"
              >
                <span
                  class="version-title"
                >
                  Published by
                </span>
                :
                <span>
                  panchongyang.p@qq.com
                </span>
              </div>
            </div>
          </div>
          <div
            class="version"
          >
            <div
              class="version-left"
            >
              <div
                class="circle"
              />
            </div>
            <div
              class="version-right"
            >
              <div
                class="title"
              >
                <span
                  class=""
                >
                  Version:
                </span>
                <span
                  class="version-text"
                >
                  8
                </span>
              </div>
              <div
                class="modifyBy"
              >
                <span
                  class="version-title"
                >
                  Published by
                </span>
                :
                <span>
                  panchongyang.p@qq.com
                </span>
              </div>
            </div>
          </div>
          <div
            class="version"
          >
            <div
              class="version-left"
            >
              <div
                class="circle"
              />
            </div>
            <div
              class="version-right"
            >
              <div
                class="title"
              >
                <span
                  class=""
                >
                  Version:
                </span>
                <span
                  class="version-text"
                >
                  7
                </span>
              </div>
              <div
                class="modifyBy"
              >
                <span
                  class="version-title"
                >
                  Published by
                </span>
                :
                <span>
                  panchongyang.p@qq.com
                </span>
              </div>
            </div>
          </div>
          <div
            class="version"
          >
            <div
              class="version-left"
            >
              <div
                class="circle"
              />
            </div>
            <div
              class="version-right"
            >
              <div
                class="title"
              >
                <span
                  class=""
                >
                  Version:
                </span>
                <span
                  class="version-text"
                >
                  6
                </span>
              </div>
              <div
                class="modifyBy"
              >
                <span
                  class="version-title"
                >
                  Published by
                </span>
                :
                <span>
                  panchongyang.p@qq.com
                </span>
              </div>
            </div>
          </div>
          <div
            class="version"
          >
            <div
              class="version-left"
            >
              <div
                class="circle"
              />
            </div>
            <div
              class="version-right"
            >
              <div
                class="title"
              >
                <span
                  class=""
                >
                  Version:
                </span>
                <span
                  class="version-text"
                >
                  5
                </span>
              </div>
              <div
                class="modifyBy"
              >
                <span
                  class="version-title"
                >
                  Published by
                </span>
                :
                <span>
                  panchongyang.p@qq.com
                </span>
              </div>
            </div>
          </div>
          <div
            class="version"
          >
            <div
              class="version-left"
            >
              <div
                class="circle"
              />
            </div>
            <div
              class="version-right"
            >
              <div
                class="title"
              >
                <span
                  class=""
                >
                  Version:
                </span>
                <span
                  class="version-text"
                >
                  4
                </span>
              </div>
              <div
                class="modifyBy"
              >
                <span
                  class="version-title"
                >
                  Published by
                </span>
                :
                <span>
                  panchongyang.p@qq.com
                </span>
              </div>
            </div>
          </div>
          <div
            class="version"
          >
            <div
              class="version-left"
            >
              <div
                class="circle"
              />
            </div>
            <div
              class="version-right"
            >
              <div
                class="title"
              >
                <span
                  class=""
                >
                  Version:
                </span>
                <span
                  class="version-text"
                >
                  3
                </span>
              </div>
              <div
                class="modifyBy"
              >
                <span
                  class="version-title"
                >
                  Published by
                </span>
                :
                <span>
                  panchongyang.p@qq.com
                </span>
              </div>
            </div>
          </div>
          <div
            class="hasMore"
          >
            Load more
          </div>
        </div>
      </div>
    </div>
  </div>
</DocumentFragment>
`;

exports[`History render target data 1`] = `
<DocumentFragment>
  <div
    class="history"
  >
    <div
      class="history-title"
    >
      <span>
        History
      </span>
    </div>
    <div
      class="lists"
      id="scrollableDiv"
    >
      <div
        class="infinite-scroll-component__outerdiv"
      >
        <div
          class="infinite-scroll-component "
          style="height: auto; overflow: auto;"
        >
          <div
            class="version"
          >
            <div
              class="version-left"
            >
              <div
                class="circle"
              />
            </div>
            <div
              class="version-right"
            >
              <div
                class="title"
              >
                <span
                  class=""
                >
                  Version:
                </span>
                <span
                  class="version-text"
                >
                  2
                </span>
                <span
                  class="current"
                >
                  (Current version)
                </span>
              </div>
              <div
                class="modifyBy"
              >
                <span
                  class="version-title"
                >
                  Published by
                </span>
                :
                <span>
                  Admin
                </span>
              </div>
              <div
                class="modifyBy"
              >
                <span
                  class="version-title"
                >
                  Reviewed by
                </span>
                :
                <span>
                  Admin
                </span>
              </div>
              <div
                class="comment"
              >
                <span
                  class="version-title"
                >
                  Changes description
                </span>
                :
                <span
                  class="tooltip-text"
                >
                  <span
                    class="limit-str-container-w"
                    style="max-width: 100%;"
                  >
                    test
                  </span>
                </span>
              </div>
            </div>
          </div>
          <div
            class="version"
          >
            <div
              class="version-left"
            >
              <div
                class="circle"
              />
            </div>
            <div
              class="version-right"
            >
              <div
                class="title"
              >
                <span
                  class=""
                >
                  Version:
                </span>
                <span
                  class="version-text"
                >
                  1
                </span>
              </div>
              <div
                class="modifyBy"
              >
                <span
                  class="version-title"
                >
                  Published by
                </span>
                :
                <span>
                  Admin
                </span>
              </div>
            </div>
          </div>
          <div
            class="hasMore"
          >
            Load more
          </div>
        </div>
      </div>
    </div>
  </div>
</DocumentFragment>
`;

exports[`History snapshot 1`] = `
<DocumentFragment>
  <div
    class="history"
  >
    <div
      class="history-title"
    >
      <span>
        History
      </span>
    </div>
    <div
      class="lists"
      id="scrollableDiv"
    >
      <div
        class="infinite-scroll-component__outerdiv"
      >
        <div
          class="infinite-scroll-component "
          style="height: auto; overflow: auto;"
        >
          <div
            class="no-data"
          >
            <img
              alt="no-data"
              class="no-data-image"
              src="no-data.png"
            />
            No Data
          </div>
        </div>
      </div>
    </div>
  </div>
</DocumentFragment>
`;

exports[`History snapshot 2`] = `
<DocumentFragment>
  <div
    class="history"
  >
    <div
      class="history-title"
    >
      <span>
        History
      </span>
    </div>
    <div
      class="lists"
      id="scrollableDiv"
    >
      <div
        class="ui active transition visible inverted dimmer"
        style="display: flex;"
      >
        <div
          class="content"
        >
          <div
            class="ui small text loader"
          >
            Loading...
          </div>
        </div>
      </div>
    </div>
  </div>
</DocumentFragment>
`;
