// Jest Snapshot v1, https://goo.gl/fbAQLP

exports[`Loading snapshot 1`] = `
<DocumentFragment>
  <div
    class="ui active transition visible inverted dimmer"
    style="display: flex;"
  >
    <div
      class="content"
    >
      <div
        class="ui small text loader"
      >
        Loading...
      </div>
    </div>
  </div>
</DocumentFragment>
`;
